{"timestamp": "2026-08-08T07:07:14.549652+00:00", "endpoint": "/api/execution_description", "method": "PUT", "remote_addr": "<REDACTED>", "user": null, "success": false, "status": 409, "headers": {"User-Agent": "Werkzeug/3.1.8"}}
{"timestamp": "2026-08-08T07:07:14.551513+00:00", "endpoint": "/api/execution_description/reset", "method": "POST", "remote_addr": "<REDACTED>", "user": null, "success": false, "status": 409, "headers": {"User-Agent": "Werkzeug/3.1.8"}}
{"timestamp": "2026-08-08T07:14:19.866202+00:00", "endpoint": "/api/execution_description", "method": "PUT", "remote_addr": "<REDACTED>", "user": null, "success": false, "status": 409, "headers": {"User-Agent": "Werkzeug/3.1.8"}}
{"timestamp": "2026-08-08T07:14:19.867838+00:00", "endpoint": "/api/execution_description/reset", "method": "POST", "remote_addr": "<REDACTED>", "user": null, "success": false, "status": 409, "headers": {"User-Agent": "Werkzeug/3.1.8"}}
{"timestamp": "2026-08-08T07:19:32.329801+00:00", "endpoint": "/api/execution_description", "method": "PUT", "remote_addr": "<REDACTED>", "user": null, "success": false, "status": 409, "headers": {"User-Agent": "Werkzeug/3.1.8"}}
{"timestamp": "2026-08-08T07:19:32.332483+00:00", "endpoint": "/api/execution_description/reset", "method": "POST", "remote_addr": "<REDACTED>", "user": null, "success": false, "status": 409, "headers": {"User-Agent": "Werkzeug/3.1.8"}}
{"timestamp": "2026-08-11T06:24:36.099636+00:00", "endpoint": "/api/execution_description", "method": "PUT", "remote_addr": "<REDACTED>", "user": null, "success": false, "status": 409, "headers": {"User-Agent": "Werkzeug/3.1.8"}}
{"timestamp": "2026-08-11T06:24:36.101616+00:00", "endpoint": "/api/execution_description/reset", "method": "POST", "remote_addr": "<REDACTED>", "user": null, "success": false, "status": 409, "headers": {"User-Agent": "Werkzeug/3.1.8"}}
{"timestamp": "2026-08-11T06:27:02.299319+00:00", "endpoint": "/api/execution_description", "method": "PUT", "remote_addr": "<REDACTED>", "user": null, "success": false, "status": 500, "headers": {"User-Agent": "Werkzeug/3.1.8"}}
{"timestamp": "2026-08-11T06:27:02.406511+00:00", "endpoint": "/api/execution_description", "method": "PUT", "remote_addr": "<REDACTED>", "user": null, "success": false, "status": 500, "headers": {"User-Agent": "Werkzeug/3.1.8"}}
{"timestamp": "2026-08-11T06:27:02.413427+00:00", "endpoint": "/api/execution_description", "method": "PUT", "remote_addr": "<REDACTED>", "user": null, "success": false, "status": 500, "headers": {"User-Agent": "Werkzeug/3.1.8"}}
{"timestamp": "2026-08-11T06:27:34.782469+00:00", "endpoint": "/api/execution_description", "method": "PUT", "remote_addr": "<REDACTED>", "user": null, "success": false, "status": 500, "headers": {"User-Agent": "Werkzeug/3.1.8"}}
{"timestamp": "2026-08-11T06:27:49.432140+00:00", "endpoint": "/api/execution_description", "method": "PUT", "remote_addr": "<REDACTED>", "user": null, "success": false, "status": 409, "headers": {"User-Agent": "Werkzeug/3.1.8"}}
{"timestamp": "2026-08-11T06:27:49.433844+00:00", "endpoint": "/api/execution_description/reset", "method": "POST", "remote_addr": "<REDACTED>", "user": null, "success": false, "status": 409, "headers": {"User-Agent": "Werkzeug/3.1.8"}}
{"timestamp": "2026-08-11T16:38:48.593625+00:00", "endpoint": "/api/execution_description", "method": "PUT", "remote_addr": "<REDACTED>", "user": null, "success": false, "status": 409, "headers": {"User-Agent": "Werkzeug/3.1.8"}}
{"timestamp": "2026-08-11T16:38:48.594712+00:00", "endpoint": "/api/execution_description/reset", "method": "POST", "remote_addr": "<REDACTED>", "user": null, "success": false, "status": 409, "headers": {"User-Agent": "Werkzeug/3.1.8"}}
{"timestamp": "2026-08-11T16:42:33.838790+00:00", "endpoint": "/api/execution_description", "method": "PUT", "remote_addr": "<REDACTED>", "user": null, "success": false, "status": 409, "headers": {"User-Agent": "Werkzeug/3.1.8"}}
{"timestamp": "2026-08-11T16:42:33.839835+00:00", "endpoint": "/api/execution_description/reset", "method": "POST", "remote_addr": "<REDACTED>", "user": null, "success": false, "status": 409, "headers": {"User-Agent": "Werkzeug/3.1.8"}}
{"timestamp": "2026-08-12T08:11:34.520227+00:00", "endpoint": "/api/execution_description", "method": "PUT", "remote_addr": "<REDACTED>", "user": null, "success": false, "status": 409, "headers": {"User-Agent": "Werkzeug/3.1.8"}}
{"timestamp": "2026-08-12T08:11:34.522148+00:00", "endpoint": "/api/execution_description/reset", "method": "POST", "remote_addr": "<REDACTED>", "user": null, "success": false, "status": 409, "headers": {"User-Agent": "Werkzeug/3.1.8"}}
{"timestamp": "2026-08-22T16:17:48.266959+00:00", "endpoint": "/api/execution_description", "method": "PUT", "remote_addr": "<REDACTED>", "user": null, "success": false, "status": 409, "headers": {"User-Agent": "Werkzeug/3.1.8"}}
{"timestamp": "2026-08-22T16:17:48.268580+00:00", "endpoint": "/api/execution_description/reset", "method": "POST", "remote_addr": "<REDACTED>", "user": null, "success": false, "status": 409, "headers": {"User-Agent": "Werkzeug/3.1.8"}}
{"timestamp": "2026-08-22T16:18:25.747691+00:00", "endpoint": "/api/execution_description", "method": "PUT", "remote_addr": "<REDACTED>", "user": null, "success": false, "status": 409, "headers": {"User-Agent": "Werkzeug/3.1.8"}}
{"timestamp": "2026-08-22T16:18:25.749477+00:00", "endpoint": "/api/execution_description/reset", "method": "POST", "remote_addr": "<REDACTED>", "user": null, "success": false, "status": 409, "headers": {"User-Agent": "Werkzeug/3.1.8"}}
{"timestamp": "2026-08-22T16:19:09.263528+00:00", "endpoint": "/api/execution_description", "method": "PUT", "remote_addr": "<REDACTED>", "user": null, "success": false, "status": 409, "headers": {"User-Agent": "Werkzeug/3.1.8"}}
{"timestamp": "2026-08-22T16:19:09.265308+00:00", "endpoint": "/api/execution_description/reset", "method": "POST", "remote_addr": "<REDACTED>", "user": null, "success": false, "status": 409, "headers": {"User-Agent": "Werkzeug/3.1.8"}}
{"timestamp": "2026-08-22T16:19:42.899927+00:00", "endpoint": "/api/execution_description", "method": "PUT", "remote_addr": "<REDACTED>", "user": null, "success": false, "status": 409, "headers": {"User-Agent": "Werkzeug/3.1.8"}}
{"timestamp": "2026-08-22T16:19:42.902266+00:00", "endpoint": "/api/execution_description/reset", "method": "POST", "remote_addr": "<REDACTED>", "user": null, "success": false, "status": 409, "headers": {"User-Agent": "Werkzeug/3.1.8"}}
{"timestamp": "2026-08-22T16:26:13.926154+00:00", "endpoint": "/api/execution_description", "method": "PUT", "remote_addr": "<REDACTED>", "user": null, "success": false, "status": 409, "headers": {"User-Agent": "Werkzeug/3.1.8"}}
{"timestamp": "2026-08-22T16:26:13.927920+00:00", "endpoint": "/api/execution_description/reset", "method": "POST", "remote_addr": "<REDACTED>", "user": null, "success": false, "status": 409, "headers": {"User-Agent": "Werkzeug/3.1.8"}}
{"timestamp": "2026-08-22T20:30:50.203340+00:00", "endpoint": "/api/execution_description", "method": "PUT", "remote_addr": "<REDACTED>", "user": null, "success": false, "status": 409, "headers": {"User-Agent": "Werkzeug/3.1.8"}}
{"timestamp": "2026-08-22T20:30:50.205262+00:00", "endpoint": "/api/execution_description/reset", "method": "POST", "remote_addr": "<REDACTED>", "user": null, "success": false, "status": 409, "headers": {"User-Agent": "Werkzeug/3.1.8"}}
{"timestamp": "2026-08-22T20:30:57.187846+00:00", "endpoint": "/api/execute", "method": "POST", "remote_addr": "<REDACTED>", "user": null, "success": false, "status": 400, "headers": {"User-Agent": "Werkzeug/3.1.8"}}
{"timestamp": "2026-08-22T20:30:57.268932+00:00", "endpoint": "/api/kill", "method": "POST", "remote_addr": "<REDACTED>", "user": null, "success": false, "status": 500, "headers": {"User-Agent": "Werkzeug/3.1.8"}}
{"timestamp": "2026-08-22T20:31:25.090640+00:00", "endpoint": "/api/execution_description", "method": "PUT", "remote_addr": "<REDACTED>", "user": null, "success": false, "status": 409, "headers": {"User-Agent": "Werkzeug/3.1.8"}}
{"timestamp": "2026-08-22T20:31:25.092256+00:00", "endpoint": "/api/execution_description/reset", "method": "POST", "remote_addr": "<REDACTED>", "user": null, "success": false, "status": 409, "headers": {"User-Agent": "Werkzeug/3.1.8"}}
{"timestamp": "2026-08-22T20:31:31.692244+00:00", "endpoint": "/api/execute", "method": "POST", "remote_addr": "<REDACTED>", "user": null, "success": false, "status": 400, "headers": {"User-Agent": "Werkzeug/3.1.8"}}
{"timestamp": "2026-08-22T20:31:31.762435+00:00", "endpoint": "/api/kill", "method": "POST", "remote_addr": "<REDACTED>", "user": null, "success": false, "status": 500, "headers": {"User-Agent": "Werkzeug/3.1.8"}}
{"timestamp": "2026-08-22T20:32:09.615310+00:00", "endpoint": "/api/execution_description", "method": "PUT", "remote_addr": "<REDACTED>", "user": null, "success": false, "status": 409, "headers": {"User-Agent": "Werkzeug/3.1.8"}}
{"timestamp": "2026-08-22T20:32:09.617181+00:00", "endpoint": "/api/execution_description/reset", "method": "POST", "remote_addr": "<REDACTED>", "user": null, "success": false, "status": 409, "headers": {"User-Agent": "Werkzeug/3.1.8"}}
{"timestamp": "2026-08-22T20:32:57.475754+00:00", "endpoint": "/api/execution_description", "method": "PUT", "remote_addr": "<REDACTED>", "user": null, "success": false, "status": 409, "headers": {"User-Agent": "Werkzeug/3.1.8"}}
{"timestamp": "2026-08-22T20:32:57.477791+00:00", "endpoint": "/api/execution_description/reset", "method": "POST", "remote_addr": "<REDACTED>", "user": null, "success": false, "status": 409, "headers": {"User-Agent": "Werkzeug/3.1.8"}}
{"timestamp": "2026-08-22T20:33:45.849158+00:00", "endpoint": "/api/execution_description", "method": "PUT", "remote_addr": "<REDACTED>", "user": null, "success": false, "status": 409, "headers": {"User-Agent": "Werkzeug/3.1.8"}}
{"timestamp": "2026-08-22T20:33:45.850859+00:00", "endpoint": "/api/execution_description/reset", "method": "POST", "remote_addr": "<REDACTED>", "user": null, "success": false, "status": 409, "headers": {"User-Agent": "Werkzeug/3.1.8"}}
{"timestamp": "2026-08-22T20:35:32.389776+00:00", "endpoint": "/api/execute", "method": "POST", "remote_addr": "<REDACTED>", "user": null, "success": false, "status": 400, "headers": {"User-Agent": "Werkzeug/3.1.8"}}
{"timestamp": "2026-08-22T20:35:32.465467+00:00", "endpoint": "/api/kill", "method": "POST", "remote_addr": "<REDACTED>", "user": null, "success": false, "status": 500, "headers": {"User-Agent": "Werkzeug/3.1.8"}}
{"timestamp": "2026-08-22T20:36:18.546065+00:00", "endpoint": "/api/execution_description", "method": "PUT", "remote_addr": "<REDACTED>", "user": null, "success": false, "status": 409, "headers": {"User-Agent": "Werkzeug/3.1.8"}}
{"timestamp": "2026-08-22T20:36:18.547751+00:00", "endpoint": "/api/execution_description/reset", "method": "POST", "remote_addr": "<REDACTED>", "user": null, "success": false, "status": 409, "headers": {"User-Agent": "Werkzeug/3.1.8"}}
{"timestamp": "2026-08-22T20:36:24.511101+00:00", "endpoint": "/api/execute", "method": "POST", "remote_addr": "<REDACTED>", "user": null, "success": false, "status": 400, "headers": {"User-Agent": "Werkzeug/3.1.8"}}
{"timestamp": "2026-08-22T20:36:24.590770+00:00", "endpoint": "/api/kill", "method": "POST", "remote_addr": "<REDACTED>", "user": null, "success": false, "status": 500, "headers": {"User-Agent": "Werkzeug/3.1.8"}}
{"timestamp": "2026-08-22T20:39:26.909270+00:00", "endpoint": "/api/execute", "method": "POST", "remote_addr": "<REDACTED>", "user": null, "success": false, "status": 400, "headers": {"User-Agent": "Werkzeug/3.1.8"}}
{"timestamp": "2026-08-22T20:39:26.978806+00:00", "endpoint": "/api/kill", "method": "POST", "remote_addr": "<REDACTED>", "user": null, "success": false, "status": 500, "headers": {"User-Agent": "Werkzeug/3.1.8"}}
{"timestamp": "2026-08-22T20:49:32.837009+00:00", "endpoint": "/api/execution_description", "method": "PUT", "remote_addr": "<REDACTED>", "user": null, "success": false, "status": 409, "headers": {"User-Agent": "Werkzeug/3.1.8"}}
{"timestamp": "2026-08-22T20:49:32.838872+00:00", "endpoint": "/api/execution_description/reset", "method": "POST", "remote_addr": "<REDACTED>", "user": null, "success": false, "status": 409, "headers": {"User-Agent": "Werkzeug/3.1.8"}}
{"timestamp": "2026-08-22T20:49:39.293692+00:00", "endpoint": "/api/execute", "method": "POST", "remote_addr": "<REDACTED>", "user": null, "success": false, "status": 400, "headers": {"User-Agent": "Werkzeug/3.1.8"}}
{"timestamp": "2026-08-22T20:49:39.363863+00:00", "endpoint": "/api/kill", "method": "POST", "remote_addr": "<REDACTED>", "user": null, "success": false, "status": 500, "headers": {"User-Agent": "Werkzeug/3.1.8"}}
{"timestamp": "2026-08-22T21:09:02.831646+00:00", "endpoint": "/api/execution_description", "method": "PUT", "remote_addr": "<REDACTED>", "user": null, "success": false, "status": 409, "headers": {"User-Agent": "Werkzeug/3.1.8"}}
{"timestamp": "2026-08-22T21:09:02.840673+00:00", "endpoint": "/api/execution_description/reset", "method": "POST", "remote_addr": "<REDACTED>", "user": null, "success": false, "status": 409, "headers": {"User-Agent": "Werkzeug/3.1.8"}}
{"timestamp": "2026-08-22T21:09:09.051601+00:00", "endpoint": "/api/execute", "method": "POST", "remote_addr": "<REDACTED>", "user": null, "success": false, "status": 400, "headers": {"User-Agent": "Werkzeug/3.1.8"}}
{"timestamp": "2026-08-22T21:09:09.123404+00:00", "endpoint": "/api/kill", "method": "POST", "remote_addr": "<REDACTED>", "user": null, "success": false, "status": 500, "headers": {"User-Agent": "Werkzeug/3.1.8"}}
{"timestamp": "2026-08-24T01:53:47.886664+00:00", "endpoint": "/api/execution_preview_cover/regenerate", "method": "POST", "remote_addr": "<REDACTED>", "user": null, "success": false, "status": 409, "headers": {"User-Agent": "Werkzeug/3.1.8"}}
{"timestamp": "2026-08-24T01:54:30.261689+00:00", "endpoint": "/api/execution_description", "method": "PUT", "remote_addr": "<REDACTED>", "user": null, "success": false, "status": 409, "headers": {"User-Agent": "Werkzeug/3.1.8"}}
{"timestamp": "2026-08-24T01:54:30.263565+00:00", "endpoint": "/api/execution_description/reset", "method": "POST", "remote_addr": "<REDACTED>", "user": null, "success": false, "status": 409, "headers": {"User-Agent": "Werkzeug/3.1.8"}}
{"timestamp": "2026-08-24T01:54:30.535950+00:00", "endpoint": "/api/execution_preview_cover/regenerate", "method": "POST", "remote_addr": "<REDACTED>", "user": null, "success": false, "status": 409, "headers": {"User-Agent": "Werkzeug/3.1.8"}}
{"timestamp": "2026-08-24T01:54:36.940168+00:00", "endpoint": "/api/execute", "method": "POST", "remote_addr": "<REDACTED>", "user": null, "success": false, "status": 400, "headers": {"User-Agent": "Werkzeug/3.1.8"}}
{"timestamp": "2026-08-24T01:54:37.038923+00:00", "endpoint": "/api/kill", "method": "POST", "remote_addr": "<REDACTED>", "user": null, "success": false, "status": 500, "headers": {"User-Agent": "Werkzeug/3.1.8"}}
{"timestamp": "2026-08-27T07:19:37.215107+00:00", "endpoint": "/api/execute", "method": "POST", "remote_addr": "<REDACTED>", "user": null, "success": false, "status": 400, "headers": {"User-Agent": "Werkzeug/3.1.8"}}
{"timestamp": "2026-08-27T07:19:37.282329+00:00", "endpoint": "/api/kill", "method": "POST", "remote_addr": "<REDACTED>", "user": null, "success": false, "status": 500, "headers": {"User-Agent": "Werkzeug/3.1.8"}}
{"timestamp": "2026-08-27T07:19:54.479829+00:00", "endpoint": "/api/execute", "method": "POST", "remote_addr": "<REDACTED>", "user": null, "success": false, "status": 400, "headers": {"User-Agent": "Werkzeug/3.1.8"}}
{"timestamp": "2026-08-27T07:19:54.558339+00:00", "endpoint": "/api/kill", "method": "POST", "remote_addr": "<REDACTED>", "user": null, "success": false, "status": 500, "headers": {"User-Agent": "Werkzeug/3.1.8"}}
{"timestamp": "2026-08-27T07:21:18.917745+00:00", "endpoint": "/api/execution_description", "method": "PUT", "remote_addr": "<REDACTED>", "user": null, "success": false, "status": 409, "headers": {"User-Agent": "Werkzeug/3.1.8"}}
{"timestamp": "2026-08-27T07:21:18.919348+00:00", "endpoint": "/api/execution_description/reset", "method": "POST", "remote_addr": "<REDACTED>", "user": null, "success": false, "status": 409, "headers": {"User-Agent": "Werkzeug/3.1.8"}}
{"timestamp": "2026-08-27T07:21:19.219451+00:00", "endpoint": "/api/execution_preview_cover/regenerate", "method": "POST", "remote_addr": "<REDACTED>", "user": null, "success": false, "status": 409, "headers": {"User-Agent": "Werkzeug/3.1.8"}}
{"timestamp": "2026-08-27T07:21:25.361046+00:00", "endpoint": "/api/execute", "method": "POST", "remote_addr": "<REDACTED>", "user": null, "success": false, "status": 400, "headers": {"User-Agent": "Werkzeug/3.1.8"}}
{"timestamp": "2026-08-27T07:21:25.451875+00:00", "endpoint": "/api/kill", "method": "POST", "remote_addr": "<REDACTED>", "user": null, "success": false, "status": 500, "headers": {"User-Agent": "Werkzeug/3.1.8"}}
{"timestamp": "2026-08-27T09:27:22.010839+00:00", "endpoint": "/api/execution_description", "method": "PUT", "remote_addr": "<REDACTED>", "user": null, "success": false, "status": 409, "headers": {"User-Agent": "Werkzeug/3.1.8"}}
{"timestamp": "2026-08-27T09:27:22.012561+00:00", "endpoint": "/api/execution_description/reset", "method": "POST", "remote_addr": "<REDACTED>", "user": null, "success": false, "status": 409, "headers": {"User-Agent": "Werkzeug/3.1.8"}}
{"timestamp": "2026-08-27T09:27:22.339258+00:00", "endpoint": "/api/execution_preview_cover/regenerate", "method": "POST", "remote_addr": "<REDACTED>", "user": null, "success": false, "status": 409, "headers": {"User-Agent": "Werkzeug/3.1.8"}}
{"timestamp": "2026-08-27T09:27:28.310425+00:00", "endpoint": "/api/execute", "method": "POST", "remote_addr": "<REDACTED>", "user": null, "success": false, "status": 400, "headers": {"User-Agent": "Werkzeug/3.1.8"}}
{"timestamp": "2026-08-27T09:27:28.380741+00:00", "endpoint": "/api/kill", "method": "POST", "remote_addr": "<REDACTED>", "user": null, "success": false, "status": 500, "headers": {"User-Agent": "Werkzeug/3.1.8"}}
{"timestamp": "2026-08-29T09:06:28.038490+00:00", "endpoint": "/api/execution_description", "method": "PUT", "remote_addr": "<REDACTED>", "user": null, "success": false, "status": 409, "headers": {"User-Agent": "Werkzeug/3.1.8"}}
{"timestamp": "2026-08-29T09:06:28.040837+00:00", "endpoint": "/api/execution_description/reset", "method": "POST", "remote_addr": "<REDACTED>", "user": null, "success": false, "status": 409, "headers": {"User-Agent": "Werkzeug/3.1.8"}}
{"timestamp": "2026-08-29T09:17:44.466810+00:00", "endpoint": "/api/execution_description", "method": "PUT", "remote_addr": "<REDACTED>", "user": null, "success": false, "status": 409, "headers": {"User-Agent": "Werkzeug/3.1.8"}}
{"timestamp": "2026-08-29T09:17:44.468441+00:00", "endpoint": "/api/execution_description/reset", "method": "POST", "remote_addr": "<REDACTED>", "user": null, "success": false, "status": 409, "headers": {"User-Agent": "Werkzeug/3.1.8"}}
{"timestamp": "2026-08-29T09:17:46.285604+00:00", "endpoint": "/api/execution_preview_cover/regenerate", "method": "POST", "remote_addr": "<REDACTED>", "user": null, "success": false, "status": 409, "headers": {"User-Agent": "Werkzeug/3.1.8"}}
{"timestamp": "2026-08-29T09:18:04.435813+00:00", "endpoint": "/api/execution_description", "method": "PUT", "remote_addr": "<REDACTED>", "user": null, "success": false, "status": 409, "headers": {"User-Agent": "Werkzeug/3.1.8"}}
{"timestamp": "2026-08-29T09:18:04.437509+00:00", "endpoint": "/api/execution_description/reset", "method": "POST", "remote_addr": "<REDACTED>", "user": null, "success": false, "status": 409, "headers": {"User-Agent": "Werkzeug/3.1.8"}}
{"timestamp": "2026-08-29T09:18:06.206022+00:00", "endpoint": "/api/execution_preview_cover/regenerate", "method": "POST", "remote_addr": "<REDACTED>", "user": null, "success": false, "status": 409, "headers": {"User-Agent": "Werkzeug/3.1.8"}}
{"timestamp": "2026-09-01T07:43:37.798932+00:00", "endpoint": "/api/execution_description", "method": "PUT", "remote_addr": "<REDACTED>", "user": null, "success": false, "status": 409, "headers": {"User-Agent": "Werkzeug/3.1.8"}}
{"timestamp": "2026-09-01T07:43:37.801410+00:00", "endpoint": "/api/execution_description/reset", "method": "POST", "remote_addr": "<REDACTED>", "user": null, "success": false, "status": 409, "headers": {"User-Agent": "Werkzeug/3.1.8"}}
{"timestamp": "2026-09-01T07:43:38.247468+00:00", "endpoint": "/api/execution_preview_cover/regenerate", "method": "POST", "remote_addr": "<REDACTED>", "user": null, "success": false, "status": 409, "headers": {"User-Agent": "Werkzeug/3.1.8"}}
{"timestamp": "2026-09-01T07:43:45.512852+00:00", "endpoint": "/api/execute", "method": "POST", "remote_addr": "<REDACTED>", "user": null, "success": false, "status": 400, "headers": {"User-Agent": "Werkzeug/3.1.8"}}
{"timestamp": "2026-09-01T07:43:45.582943+00:00", "endpoint": "/api/kill", "method": "POST", "remote_addr": "<REDACTED>", "user": null, "success": false, "status": 500, "headers": {"User-Agent": "Werkzeug/3.1.8"}}
{"timestamp": "2026-09-01T09:50:08.467644+00:00", "endpoint": "/api/execution_description", "method": "PUT", "remote_addr": "<REDACTED>", "user": null, "success": false, "status": 409, "headers": {"User-Agent": "Werkzeug/3.1.8"}}
{"timestamp": "2026-09-01T09:50:08.469299+00:00", "endpoint": "/api/execution_description/reset", "method": "POST", "remote_addr": "<REDACTED>", "user": null, "success": false, "status": 409, "headers": {"User-Agent": "Werkzeug/3.1.8"}}
{"timestamp": "2026-09-01T09:50:08.792945+00:00", "endpoint": "/api/execution_preview_cover/regenerate", "method": "POST", "remote_addr": "<REDACTED>", "user": null, "success": false, "status": 409, "headers": {"User-Agent": "Werkzeug/3.1.8"}}
{"timestamp": "2026-09-01T09:50:15.743915+00:00", "endpoint": "/api/execute", "method": "POST", "remote_addr": "<REDACTED>", "user": null, "success": false, "status": 400, "headers": {"User-Agent": "Werkzeug/3.1.8"}}
{"timestamp": "2026-09-01T09:50:15.828833+00:00", "endpoint": "/api/kill", "method": "POST", "remote_addr": "<REDACTED>", "user": null, "success": false, "status": 500, "headers": {"User-Agent": "Werkzeug/3.1.8"}}
{"timestamp": "2026-09-01T09:51:00.927468+00:00", "endpoint": "/api/execution_description", "method": "PUT", "remote_addr": "<REDACTED>", "user": null, "success": false, "status": 409, "headers": {"User-Agent": "Werkzeug/3.1.8"}}
{"timestamp": "2026-09-01T09:51:00.930368+00:00", "endpoint": "/api/execution_description/reset", "method": "POST", "remote_addr": "<REDACTED>", "user": null, "success": false, "status": 409, "headers": {"User-Agent": "Werkzeug/3.1.8"}}
{"timestamp": "2026-09-01T09:51:01.375090+00:00", "endpoint": "/api/execution_preview_cover/regenerate", "method": "POST", "remote_addr": "<REDACTED>", "user": null, "success": false, "status": 409, "headers": {"User-Agent": "Werkzeug/3.1.8"}}
{"timestamp": "2026-09-01T09:51:08.709400+00:00", "endpoint": "/api/execute", "method": "POST", "remote_addr": "<REDACTED>", "user": null, "success": false, "status": 400, "headers": {"User-Agent": "Werkzeug/3.1.8"}}
{"timestamp": "2026-09-01T09:51:08.806546+00:00", "endpoint": "/api/kill", "method": "POST", "remote_addr": "<REDACTED>", "user": null, "success": false, "status": 500, "headers": {"User-Agent": "Werkzeug/3.1.8"}}
{"timestamp": "2026-09-01T14:17:59.218699+00:00", "endpoint": "/api/execution_description", "method": "PUT", "remote_addr": "<REDACTED>", "user": null, "success": false, "status": 409, "headers": {"User-Agent": "Werkzeug/3.1.8"}}
{"timestamp": "2026-09-01T14:17:59.222343+00:00", "endpoint": "/api/execution_description/reset", "method": "POST", "remote_addr": "<REDACTED>", "user": null, "success": false, "status": 409, "headers": {"User-Agent": "Werkzeug/3.1.8"}}
{"timestamp": "2026-09-01T14:17:59.634740+00:00", "endpoint": "/api/execution_preview_cover/regenerate", "method": "POST", "remote_addr": "<REDACTED>", "user": null, "success": false, "status": 409, "headers": {"User-Agent": "Werkzeug/3.1.8"}}
{"timestamp": "2026-09-01T14:18:06.511725+00:00", "endpoint": "/api/execute", "method": "POST", "remote_addr": "<REDACTED>", "user": null, "success": false, "status": 400, "headers": {"User-Agent": "Werkzeug/3.1.8"}}
{"timestamp": "2026-09-01T14:18:06.592062+00:00", "endpoint": "/api/kill", "method": "POST", "remote_addr": "<REDACTED>", "user": null, "success": false, "status": 500, "headers": {"User-Agent": "Werkzeug/3.1.8"}}
{"timestamp": "2026-09-01T15:08:51.112845+00:00", "endpoint": "/api/execution_description", "method": "PUT", "remote_addr": "<REDACTED>", "user": null, "success": false, "status": 409, "headers": {"User-Agent": "Werkzeug/3.1.8"}}
{"timestamp": "2026-09-01T15:08:51.114630+00:00", "endpoint": "/api/execution_description/reset", "method": "POST", "remote_addr": "<REDACTED>", "user": null, "success": false, "status": 409, "headers": {"User-Agent": "Werkzeug/3.1.8"}}
{"timestamp": "2026-09-01T15:08:51.427289+00:00", "endpoint": "/api/execution_preview_cover/regenerate", "method": "POST", "remote_addr": "<REDACTED>", "user": null, "success": false, "status": 409, "headers": {"User-Agent": "Werkzeug/3.1.8"}}
{"timestamp": "2026-09-01T15:08:58.168083+00:00", "endpoint": "/api/execute", "method": "POST", "remote_addr": "<REDACTED>", "user": null, "success": false, "status": 400, "headers": {"User-Agent": "Werkzeug/3.1.8"}}
{"timestamp": "2026-09-01T15:08:58.242925+00:00", "endpoint": "/api/kill", "method": "POST", "remote_addr": "<REDACTED>", "user": null, "success": false, "status": 500, "headers": {"User-Agent": "Werkzeug/3.1.8"}}
{"timestamp": "2026-09-01T15:15:43.366704+00:00", "endpoint": "/api/execution_description", "method": "PUT", "remote_addr": "<REDACTED>", "user": null, "success": false, "status": 409, "headers": {"User-Agent": "Werkzeug/3.1.8"}}
{"timestamp": "2026-09-01T15:15:43.368579+00:00", "endpoint": "/api/execution_description/reset", "method": "POST", "remote_addr": "<REDACTED>", "user": null, "success": false, "status": 409, "headers": {"User-Agent": "Werkzeug/3.1.8"}}
{"timestamp": "2026-09-01T15:15:43.689104+00:00", "endpoint": "/api/execution_preview_cover/regenerate", "method": "POST", "remote_addr": "<REDACTED>", "user": null, "success": false, "status": 409, "headers": {"User-Agent": "Werkzeug/3.1.8"}}
{"timestamp": "2026-09-01T15:15:50.627562+00:00", "endpoint": "/api/execute", "method": "POST", "remote_addr": "<REDACTED>", "user": null, "success": false, "status": 400, "headers": {"User-Agent": "Werkzeug/3.1.8"}}
{"timestamp": "2026-09-01T15:15:50.699339+00:00", "endpoint": "/api/kill", "method": "POST", "remote_addr": "<REDACTED>", "user": null, "success": false, "status": 500, "headers": {"User-Agent": "Werkzeug/3.1.8"}}
{"timestamp": "2026-09-01T16:27:46.698090+00:00", "endpoint": "/api/execution_description", "method": "PUT", "remote_addr": "<REDACTED>", "user": null, "success": false, "status": 409, "headers": {"User-Agent": "Werkzeug/3.1.8"}}
{"timestamp": "2026-09-01T16:27:46.699840+00:00", "endpoint": "/api/execution_description/reset", "method": "POST", "remote_addr": "<REDACTED>", "user": null, "success": false, "status": 409, "headers": {"User-Agent": "Werkzeug/3.1.8"}}
{"timestamp": "2026-09-01T16:27:47.051997+00:00", "endpoint": "/api/execution_preview_cover/regenerate", "method": "POST", "remote_addr": "<REDACTED>", "user": null, "success": false, "status": 409, "headers": {"User-Agent": "Werkzeug/3.1.8"}}
{"timestamp": "2026-09-01T16:27:53.858037+00:00", "endpoint": "/api/execute", "method": "POST", "remote_addr": "<REDACTED>", "user": null, "success": false, "status": 400, "headers": {"User-Agent": "Werkzeug/3.1.8"}}
{"timestamp": "2026-09-01T16:27:53.950356+00:00", "endpoint": "/api/kill", "method": "POST", "remote_addr": "<REDACTED>", "user": null, "success": false, "status": 500, "headers": {"User-Agent": "Werkzeug/3.1.8"}}
{"timestamp": "2026-09-07T08:39:24.406224+00:00", "endpoint": "/api/execution_description", "method": "PUT", "remote_addr": "<REDACTED>", "user": null, "success": false, "status": 409, "headers": {"User-Agent": "Werkzeug/3.1.8"}}
{"timestamp": "2026-09-07T08:39:24.408305+00:00", "endpoint": "/api/execution_description/reset", "method": "POST", "remote_addr": "<REDACTED>", "user": null, "success": false, "status": 409, "headers": {"User-Agent": "Werkzeug/3.1.8"}}
{"timestamp": "2026-09-07T08:39:24.750555+00:00", "endpoint": "/api/execution_preview_cover/regenerate", "method": "POST", "remote_addr": "<REDACTED>", "user": null, "success": false, "status": 409, "headers": {"User-Agent": "Werkzeug/3.1.8"}}
{"timestamp": "2026-09-07T08:39:31.870743+00:00", "endpoint": "/api/execute", "method": "POST", "remote_addr": "<REDACTED>", "user": null, "success": false, "status": 400, "headers": {"User-Agent": "Werkzeug/3.1.8"}}
{"timestamp": "2026-09-07T08:39:31.944815+00:00", "endpoint": "/api/kill", "method": "POST", "remote_addr": "<REDACTED>", "user": null, "success": false, "status": 500, "headers": {"User-Agent": "Werkzeug/3.1.8"}}
{"timestamp": "2026-09-07T08:42:41.523726+00:00", "endpoint": "/api/execution_description", "method": "PUT", "remote_addr": "<REDACTED>", "user": null, "success": false, "status": 409, "headers": {"User-Agent": "Werkzeug/3.1.8"}}
{"timestamp": "2026-09-07T08:42:41.525417+00:00", "endpoint": "/api/execution_description/reset", "method": "POST", "remote_addr": "<REDACTED>", "user": null, "success": false, "status": 409, "headers": {"User-Agent": "Werkzeug/3.1.8"}}
{"timestamp": "2026-09-07T08:42:41.908744+00:00", "endpoint": "/api/execution_preview_cover/regenerate", "method": "POST", "remote_addr": "<REDACTED>", "user": null, "success": false, "status": 409, "headers": {"User-Agent": "Werkzeug/3.1.8"}}
{"timestamp": "2026-09-07T08:42:48.907682+00:00", "endpoint": "/api/execute", "method": "POST", "remote_addr": "<REDACTED>", "user": null, "success": false, "status": 400, "headers": {"User-Agent": "Werkzeug/3.1.8"}}
{"timestamp": "2026-09-07T08:42:48.990554+00:00", "endpoint": "/api/kill", "method": "POST", "remote_addr": "<REDACTED>", "user": null, "success": false, "status": 500, "headers": {"User-Agent": "Werkzeug/3.1.8"}}
